Database Save Failed: could not execute statement [Duplicate entry 'mdsazzadshahriar-2023416002@cs.du.ac.bd' for key 'employee.UK_fopic1oh5oln2khj8eat6ino0'] [insert into employee (department,email,employee_type,first_name,last_name,main_skill,phone,salary) values (?,?,?,?,?,?,?,?)]; SQL [insert into employee (department,email,employee_type,first_name,last_name,main_skill,phone,salary) values (?,?,?,?,?,?,?,?)]; constraint [employee.UK_fopic1oh5oln2khj8eat6ino0]
Database Save Failed: could not execute statement [Duplicate entry 'mdsazzadshahriar-2023416002@cs.du.ac.bd' for key 'employee.UK_fopic1oh5oln2khj8eat6ino0'] [insert into employee (department,email,employee_type,first_name,last_name,main_skill,phone,salary) values (?,?,?,?,?,?,?,?)]; SQL [insert into employee (department,email,employee_type,first_name,last_name,main_skill,phone,salary) values (?,?,?,?,?,?,?,?)]; constraint [employee.UK_fopic1oh5oln2khj8eat6ino0]
Database Save Failed: could not execute statement [Duplicate entry 'mdsazzadshahriar-2023416002@cs.du.ac.bd' for key 'employee.UK_fopic1oh5oln2khj8eat6ino0'] [insert into employee (department,email,employee_type,first_name,last_name,main_skill,phone,salary) values (?,?,?,?,?,?,?,?)]; SQL [insert into employee (department,email,employee_type,first_name,last_name,main_skill,phone,salary) values (?,?,?,?,?,?,?,?)]; constraint [employee.UK_fopic1oh5oln2khj8eat6ino0]
Database Save Failed: could not execute statement [Duplicate entry 'mdsazzadshahriar-2023416002@cs.du.ac.bd' for key 'employee.UK_fopic1oh5oln2khj8eat6ino0'] [insert into employee (department,email,employee_type,first_name,last_name,main_skill,phone,salary) values (?,?,?,?,?,?,?,?)]; SQL [insert into employee (department,email,employee_type,first_name,last_name,main_skill,phone,salary) values (?,?,?,?,?,?,?,?)]; constraint [employee.UK_fopic1oh5oln2khj8eat6ino0]
Database Save Failed: could not execute statement [Duplicate entry 'mdsazzadshahriar-2023416002@cs.du.ac.bd' for key 'employee.UK_fopic1oh5oln2khj8eat6ino0'] [insert into employee (department,email,employee_type,first_name,last_name,main_skill,phone,salary) values (?,?,?,?,?,?,?,?)]; SQL [insert into employee (department,email,employee_type,first_name,last_name,main_skill,phone,salary) values (?,?,?,?,?,?,?,?)]; constraint [employee.UK_fopic1oh5oln2khj8eat6ino0]
Database Save Failed: could not execute statement [Duplicate entry 'mdsazzadshahriar-2023416002@cs.du.ac.bd' for key 'employee.UK_fopic1oh5oln2khj8eat6ino0'] [insert into employee (department,email,employee_type,first_name,last_name,main_skill,phone,salary) values (?,?,?,?,?,?,?,?)]; SQL [insert into employee (department,email,employee_type,first_name,last_name,main_skill,phone,salary) values (?,?,?,?,?,?,?,?)]; constraint [employee.UK_fopic1oh5oln2khj8eat6ino0]
Database Save Failed: could not execute statement [Duplicate entry 'mdsazzadshahriar-2023416002@cs.du.ac.bd' for key 'employee.UK_fopic1oh5oln2khj8eat6ino0'] [insert into employee (department,email,employee_type,first_name,last_name,main_skill,phone,salary) values (?,?,?,?,?,?,?,?)]; SQL [insert into employee (department,email,employee_type,first_name,last_name,main_skill,phone,salary) values (?,?,?,?,?,?,?,?)]; constraint [employee.UK_fopic1oh5oln2khj8eat6ino0]
Database Save Failed: could not execute statement [Duplicate entry 'mdsazzadshahriar-2023416002@cs.du.ac.bd' for key 'employee.UK_fopic1oh5oln2khj8eat6ino0'] [insert into employee (department,email,employee_type,first_name,last_name,main_skill,phone,salary) values (?,?,?,?,?,?,?,?)]; SQL [insert into employee (department,email,employee_type,first_name,last_name,main_skill,phone,salary) values (?,?,?,?,?,?,?,?)]; constraint [employee.UK_fopic1oh5oln2khj8eat6ino0]
Database Save Failed: could not execute statement [Duplicate entry 'mdsazzadshahriar-2023416002@cs.du.ac.bd' for key 'employee.UK_fopic1oh5oln2khj8eat6ino0'] [insert into employee (department,email,employee_type,first_name,last_name,main_skill,phone,salary) values (?,?,?,?,?,?,?,?)]; SQL [insert into employee (department,email,employee_type,first_name,last_name,main_skill,phone,salary) values (?,?,?,?,?,?,?,?)]; constraint [employee.UK_fopic1oh5oln2khj8eat6ino0]
Database Save Failed: could not execute statement [Duplicate entry 'mdsazzadshahriar-2023416002@cs.du.ac.bd' for key 'employee.UK_fopic1oh5oln2khj8eat6ino0'] [insert into employee (department,email,employee_type,first_name,last_name,main_skill,phone,salary) values (?,?,?,?,?,?,?,?)]; SQL [insert into employee (department,email,employee_type,first_name,last_name,main_skill,phone,salary) values (?,?,?,?,?,?,?,?)]; constraint [employee.UK_fopic1oh5oln2khj8eat6ino0]
Database Save Failed: could not execute statement [Duplicate entry 'mdsazzadshahriar-2023416002@cs.du.ac.bd' for key 'employee.UK_fopic1oh5oln2khj8eat6ino0'] [insert into employee (department,email,employee_type,first_name,last_name,main_skill,phone,salary) values (?,?,?,?,?,?,?,?)]; SQL [insert into employee (department,email,employee_type,first_name,last_name,main_skill,phone,salary) values (?,?,?,?,?,?,?,?)]; constraint [employee.UK_fopic1oh5oln2khj8eat6ino0]
Database Save Failed: could not execute statement [Duplicate entry 'mdsazzadshahriar-2023416002@cs.du.ac.bd' for key 'employee.UK_fopic1oh5oln2khj8eat6ino0'] [insert into employee (department,email,employee_type,first_name,last_name,main_skill,phone,salary) values (?,?,?,?,?,?,?,?)]; SQL [insert into employee (department,email,employee_type,first_name,last_name,main_skill,phone,salary) values (?,?,?,?,?,?,?,?)]; constraint [employee.UK_fopic1oh5oln2khj8eat6ino0]
Database Save Failed: could not execute statement [Duplicate entry 'mdsazzadshahriar-2023416002@cs.du.ac.bd' for key 'employee.UK_fopic1oh5oln2khj8eat6ino0'] [insert into employee (department,email,employee_type,first_name,last_name,main_skill,phone,salary) values (?,?,?,?,?,?,?,?)]; SQL [insert into employee (department,email,employee_type,first_name,last_name,main_skill,phone,salary) values (?,?,?,?,?,?,?,?)]; constraint [employee.UK_fopic1oh5oln2khj8eat6ino0]
Database Save Failed: could not execute statement [Duplicate entry 'mdsazzadshahriar-2023416002@cs.du.ac.bd' for key 'employee.UK_fopic1oh5oln2khj8eat6ino0'] [insert into employee (department,email,employee_type,first_name,last_name,main_skill,phone,salary) values (?,?,?,?,?,?,?,?)]; SQL [insert into employee (department,email,employee_type,first_name,last_name,main_skill,phone,salary) values (?,?,?,?,?,?,?,?)]; constraint [employee.UK_fopic1oh5oln2khj8eat6ino0]
Database Save Failed: could not execute statement [Duplicate entry 'mdsazzadshahriar-2023416002@cs.du.ac.bd' for key 'employee.UK_fopic1oh5oln2khj8eat6ino0'] [insert into employee (department,email,employee_type,first_name,last_name,main_skill,phone,salary) values (?,?,?,?,?,?,?,?)]; SQL [insert into employee (department,email,employee_type,first_name,last_name,main_skill,phone,salary) values (?,?,?,?,?,?,?,?)]; constraint [employee.UK_fopic1oh5oln2khj8eat6ino0]
Database Save Failed: could not execute statement [Duplicate entry 'mdsazzadshahriar-2023416002@cs.du.ac.bd' for key 'employee.UK_fopic1oh5oln2khj8eat6ino0'] [insert into employee (department,email,employee_type,first_name,last_name,main_skill,phone,salary) values (?,?,?,?,?,?,?,?)]; SQL [insert into employee (department,email,employee_type,first_name,last_name,main_skill,phone,salary) values (?,?,?,?,?,?,?,?)]; constraint [employee.UK_fopic1oh5oln2khj8eat6ino0]
Database Save Failed: could not execute statement [Duplicate entry 'mdsazzadshahriar-2023416002@cs.du.ac.bd' for key 'employee.UK_fopic1oh5oln2khj8eat6ino0'] [insert into employee (department,email,employee_type,first_name,last_name,main_skill,phone,salary) values (?,?,?,?,?,?,?,?)]; SQL [insert into employee (department,email,employee_type,first_name,last_name,main_skill,phone,salary) values (?,?,?,?,?,?,?,?)]; constraint [employee.UK_fopic1oh5oln2khj8eat6ino0]
Database Save Failed: could not execute statement [Duplicate entry 'mdsazzadshahriar-2023416002@cs.du.ac.bd' for key 'employee.UK_fopic1oh5oln2khj8eat6ino0'] [insert into employee (department,email,employee_type,first_name,last_name,main_skill,phone,salary) values (?,?,?,?,?,?,?,?)]; SQL [insert into employee (department,email,employee_type,first_name,last_name,main_skill,phone,salary) values (?,?,?,?,?,?,?,?)]; constraint [employee.UK_fopic1oh5oln2khj8eat6ino0]
Database Save Failed: could not execute statement [Duplicate entry 'mdsazzadshahriar-2023416002@cs.du.ac.bd' for key 'employee.UK_fopic1oh5oln2khj8eat6ino0'] [insert into employee (department,email,employee_type,first_name,last_name,main_skill,phone,salary) values (?,?,?,?,?,?,?,?)]; SQL [insert into employee (department,email,employee_type,first_name,last_name,main_skill,phone,salary) values (?,?,?,?,?,?,?,?)]; constraint [employee.UK_fopic1oh5oln2khj8eat6ino0]
Database Save Failed: could not execute statement [Duplicate entry 'mdsazzadshahriar-2023416002@cs.du.ac.bd' for key 'employee.UK_fopic1oh5oln2khj8eat6ino0'] [insert into employee (department,email,employee_type,first_name,last_name,main_skill,phone,salary) values (?,?,?,?,?,?,?,?)]; SQL [insert into employee (department,email,employee_type,first_name,last_name,main_skill,phone,salary) values (?,?,?,?,?,?,?,?)]; constraint [employee.UK_fopic1oh5oln2khj8eat6ino0]
Database Save Failed: could not execute statement [Duplicate entry 'mdsazzadshahriar-2023416002@cs.du.ac.bd' for key 'employee.UK_fopic1oh5oln2khj8eat6ino0'] [insert into employee (department,email,employee_type,first_name,last_name,main_skill,phone,salary) values (?,?,?,?,?,?,?,?)]; SQL [insert into employee (department,email,employee_type,first_name,last_name,main_skill,phone,salary) values (?,?,?,?,?,?,?,?)]; constraint [employee.UK_fopic1oh5oln2khj8eat6ino0]
Database Save Failed: could not execute statement [Duplicate entry 'mdsazzadshahriar-2023416002@cs.du.ac.bd' for key 'employee.UK_fopic1oh5oln2khj8eat6ino0'] [insert into employee (department,email,employee_type,first_name,last_name,main_skill,phone,salary) values (?,?,?,?,?,?,?,?)]; SQL [insert into employee (department,email,employee_type,first_name,last_name,main_skill,phone,salary) values (?,?,?,?,?,?,?,?)]; constraint [employee.UK_fopic1oh5oln2khj8eat6ino0]
Database Save Failed: could not execute statement [Duplicate entry 'mdsazzadshahriar-2023416002@cs.du.ac.bd' for key 'employee.UK_fopic1oh5oln2khj8eat6ino0'] [insert into employee (department,email,employee_type,first_name,last_name,main_skill,phone,salary) values (?,?,?,?,?,?,?,?)]; SQL [insert into employee (department,email,employee_type,first_name,last_name,main_skill,phone,salary) values (?,?,?,?,?,?,?,?)]; constraint [employee.UK_fopic1oh5oln2khj8eat6ino0]
Database Save Failed: could not execute statement [Duplicate entry 'mdsazzadshahriar-2023416002@cs.du.ac.bd' for key 'employee.UK_fopic1oh5oln2khj8eat6ino0'] [insert into employee (department,email,employee_type,first_name,last_name,main_skill,phone,salary) values (?,?,?,?,?,?,?,?)]; SQL [insert into employee (department,email,employee_type,first_name,last_name,main_skill,phone,salary) values (?,?,?,?,?,?,?,?)]; constraint [employee.UK_fopic1oh5oln2khj8eat6ino0]
Database Save Failed: could not execute statement [Duplicate entry 'mdsazzadshahriar-2023416002@cs.du.ac.bd' for key 'employee.UK_fopic1oh5oln2khj8eat6ino0'] [insert into employee (department,email,employee_type,first_name,last_name,main_skill,phone,salary) values (?,?,?,?,?,?,?,?)]; SQL [insert into employee (department,email,employee_type,first_name,last_name,main_skill,phone,salary) values (?,?,?,?,?,?,?,?)]; constraint [employee.UK_fopic1oh5oln2khj8eat6ino0]
Database Save Failed: could not execute statement [Duplicate entry 'mdsazzadshahriar-2023416002@cs.du.ac.bd' for key 'employee.UK_fopic1oh5oln2khj8eat6ino0'] [insert into employee (department,email,employee_type,first_name,last_name,main_skill,phone,salary) values (?,?,?,?,?,?,?,?)]; SQL [insert into employee (department,email,employee_type,first_name,last_name,main_skill,phone,salary) values (?,?,?,?,?,?,?,?)]; constraint [employee.UK_fopic1oh5oln2khj8eat6ino0]
Database Save Failed: could not execute statement [Duplicate entry 'mdsazzadshahriar-2023416002@cs.du.ac.bd' for key 'employee.UK_fopic1oh5oln2khj8eat6ino0'] [insert into employee (department,email,employee_type,first_name,last_name,main_skill,phone,salary) values (?,?,?,?,?,?,?,?)]; SQL [insert into employee (department,email,employee_type,first_name,last_name,main_skill,phone,salary) values (?,?,?,?,?,?,?,?)]; constraint [employee.UK_fopic1oh5oln2khj8eat6ino0]
Database Save Failed: could not execute statement [Duplicate entry 'mdsazzadshahriar-2023416002@cs.du.ac.bd' for key 'employee.UK_fopic1oh5oln2khj8eat6ino0'] [insert into employee (department,email,employee_type,first_name,last_name,main_skill,phone,salary) values (?,?,?,?,?,?,?,?)]; SQL [insert into employee (department,email,employee_type,first_name,last_name,main_skill,phone,salary) values (?,?,?,?,?,?,?,?)]; constraint [employee.UK_fopic1oh5oln2khj8eat6ino0]
Database Save Failed: could not execute statement [Duplicate entry 'mdsazzadshahriar-2023416002@cs.du.ac.bd' for key 'employee.UK_fopic1oh5oln2khj8eat6ino0'] [insert into employee (department,email,employee_type,first_name,last_name,main_skill,phone,salary) values (?,?,?,?,?,?,?,?)]; SQL [insert into employee (department,email,employee_type,first_name,last_name,main_skill,phone,salary) values (?,?,?,?,?,?,?,?)]; constraint [employee.UK_fopic1oh5oln2khj8eat6ino0]
Database Save Failed: could not execute statement [Duplicate entry 'mdsazzadshahriar-2023416002@cs.du.ac.bd' for key 'employee.UK_fopic1oh5oln2khj8eat6ino0'] [insert into employee (department,email,employee_type,first_name,last_name,main_skill,phone,salary) values (?,?,?,?,?,?,?,?)]; SQL [insert into employee (department,email,employee_type,first_name,last_name,main_skill,phone,salary) values (?,?,?,?,?,?,?,?)]; constraint [employee.UK_fopic1oh5oln2khj8eat6ino0]
Database Save Failed: could not execute statement [Duplicate entry 'mdsazzadshahriar-2023416002@cs.du.ac.bd' for key 'employee.UK_fopic1oh5oln2khj8eat6ino0'] [insert into employee (department,email,employee_type,first_name,last_name,main_skill,phone,salary) values (?,?,?,?,?,?,?,?)]; SQL [insert into employee (department,email,employee_type,first_name,last_name,main_skill,phone,salary) values (?,?,?,?,?,?,?,?)]; constraint [employee.UK_fopic1oh5oln2khj8eat6ino0]
Database Save Failed: could not execute statement [Duplicate entry 'mdsazzadshahriar-2023416002@cs.du.ac.bd' for key 'employee.UK_fopic1oh5oln2khj8eat6ino0'] [insert into employee (department,email,employee_type,first_name,last_name,main_skill,phone,salary) values (?,?,?,?,?,?,?,?)]; SQL [insert into employee (department,email,employee_type,first_name,last_name,main_skill,phone,salary) values (?,?,?,?,?,?,?,?)]; constraint [employee.UK_fopic1oh5oln2khj8eat6ino0]
Database Save Failed: could not execute statement [Duplicate entry 'mdsazzadshahriar-2023416002@cs.du.ac.bd' for key 'employee.UK_fopic1oh5oln2khj8eat6ino0'] [insert into employee (department,email,employee_type,first_name,last_name,main_skill,phone,salary) values (?,?,?,?,?,?,?,?)]; SQL [insert into employee (department,email,employee_type,first_name,last_name,main_skill,phone,salary) values (?,?,?,?,?,?,?,?)]; constraint [employee.UK_fopic1oh5oln2khj8eat6ino0]
Database Save Failed: could not execute statement [Duplicate entry 'mdsazzadshahriar-2023416002@cs.du.ac.bd' for key 'employee.UK_fopic1oh5oln2khj8eat6ino0'] [insert into employee (department,email,employee_type,first_name,last_name,main_skill,phone,salary) values (?,?,?,?,?,?,?,?)]; SQL [insert into employee (department,email,employee_type,first_name,last_name,main_skill,phone,salary) values (?,?,?,?,?,?,?,?)]; constraint [employee.UK_fopic1oh5oln2khj8eat6ino0]
Database Save Failed: could not execute statement [Duplicate entry 'mdsazzadshahriar-2023416002@cs.du.ac.bd' for key 'employee.UK_fopic1oh5oln2khj8eat6ino0'] [insert into employee (department,email,employee_type,first_name,last_name,main_skill,phone,salary) values (?,?,?,?,?,?,?,?)]; SQL [insert into employee (department,email,employee_type,first_name,last_name,main_skill,phone,salary) values (?,?,?,?,?,?,?,?)]; constraint [employee.UK_fopic1oh5oln2khj8eat6ino0]
Database Save Failed: could not execute statement [Duplicate entry 'mdsazzadshahriar-2023416002@cs.du.ac.bd' for key 'employee.UK_fopic1oh5oln2khj8eat6ino0'] [insert into employee (department,email,employee_type,first_name,last_name,main_skill,phone,salary) values (?,?,?,?,?,?,?,?)]; SQL [insert into employee (department,email,employee_type,first_name,last_name,main_skill,phone,salary) values (?,?,?,?,?,?,?,?)]; constraint [employee.UK_fopic1oh5oln2khj8eat6ino0]
Database Save Failed: could not execute statement [Duplicate entry 'mdsazzadshahriar-2023416002@cs.du.ac.bd' for key 'employee.UK_fopic1oh5oln2khj8eat6ino0'] [insert into employee (department,email,employee_type,first_name,last_name,main_skill,phone,salary) values (?,?,?,?,?,?,?,?)]; SQL [insert into employee (department,email,employee_type,first_name,last_name,main_skill,phone,salary) values (?,?,?,?,?,?,?,?)]; constraint [employee.UK_fopic1oh5oln2khj8eat6ino0]
Database Save Failed: could not execute statement [Duplicate entry 'mdsazzadshahriar-2023416002@cs.du.ac.bd' for key 'employee.UK_fopic1oh5oln2khj8eat6ino0'] [insert into employee (department,email,employee_type,first_name,last_name,main_skill,phone,salary) values (?,?,?,?,?,?,?,?)]; SQL [insert into employee (department,email,employee_type,first_name,last_name,main_skill,phone,salary) values (?,?,?,?,?,?,?,?)]; constraint [employee.UK_fopic1oh5oln2khj8eat6ino0]
Database Save Failed: could not execute statement [Duplicate entry 'mdsazzadshahriar-2023416002@cs.du.ac.bd' for key 'employee.UK_fopic1oh5oln2khj8eat6ino0'] [insert into employee (department,email,employee_type,first_name,last_name,main_skill,phone,salary) values (?,?,?,?,?,?,?,?)]; SQL [insert into employee (department,email,employee_type,first_name,last_name,main_skill,phone,salary) values (?,?,?,?,?,?,?,?)]; constraint [employee.UK_fopic1oh5oln2khj8eat6ino0]
Database Save Failed: could not execute statement [Duplicate entry 'mdsazzadshahriar-2023416002@cs.du.ac.bd' for key 'employee.UK_fopic1oh5oln2khj8eat6ino0'] [insert into employee (department,email,employee_type,first_name,last_name,main_skill,phone,salary) values (?,?,?,?,?,?,?,?)]; SQL [insert into employee (department,email,employee_type,first_name,last_name,main_skill,phone,salary) values (?,?,?,?,?,?,?,?)]; constraint [employee.UK_fopic1oh5oln2khj8eat6ino0]
Database Save Failed: could not execute statement [Duplicate entry 'mdsazzadshahriar-2023416002@cs.du.ac.bd' for key 'employee.UK_fopic1oh5oln2khj8eat6ino0'] [insert into employee (department,email,employee_type,first_name,last_name,main_skill,phone,salary) values (?,?,?,?,?,?,?,?)]; SQL [insert into employee (department,email,employee_type,first_name,last_name,main_skill,phone,salary) values (?,?,?,?,?,?,?,?)]; constraint [employee.UK_fopic1oh5oln2khj8eat6ino0]
Database Save Failed: could not execute statement [Duplicate entry 'mdsazzadshahriar-2023416002@cs.du.ac.bd' for key 'employee.UK_fopic1oh5oln2khj8eat6ino0'] [insert into employee (department,email,employee_type,first_name,last_name,main_skill,phone,salary) values (?,?,?,?,?,?,?,?)]; SQL [insert into employee (department,email,employee_type,first_name,last_name,main_skill,phone,salary) values (?,?,?,?,?,?,?,?)]; constraint [employee.UK_fopic1oh5oln2khj8eat6ino0]
Database Save Failed: could not execute statement [Duplicate entry 'mdsazzadshahriar-2023416002@cs.du.ac.bd' for key 'employee.UK_fopic1oh5oln2khj8eat6ino0'] [insert into employee (department,email,employee_type,first_name,last_name,main_skill,phone,salary) values (?,?,?,?,?,?,?,?)]; SQL [insert into employee (department,email,employee_type,first_name,last_name,main_skill,phone,salary) values (?,?,?,?,?,?,?,?)]; constraint [employee.UK_fopic1oh5oln2khj8eat6ino0]
